[fluid-demo-vivian.squarespace.com/index1736.html]
[backblue.gif]
[fade.gif]
[index.html]
[assets.squarespace.com/universal/default-favicon.ico]
[fluid-demo-vivian.squarespace.com/index.html]
[assets.squarespace.com/@sqs/polyfiller/1.6/legacy.js]
[assets.squarespace.com/universal/scripts-compressed/visitor-site-error-reporter-fdfb276a20173335-min.en-US.js]
[assets.squarespace.com/@sqs/polyfiller/1.6/modern.js]
[assets.squarespace.com/universal/scripts-compressed/extract-css-runtime-f765cc45592b8801-min.en-US.js]
[assets.squarespace.com/universal/scripts-compressed/cldr-resource-pack-a48347cd349e6bd9-min.en-US.js]
[assets.squarespace.com/universal/scripts-compressed/extract-css-moment-js-vendor-bdf89e58ccd909c7-min.en-US.js]
[assets.squarespace.com/universal/scripts-compressed/common-vendors-stable-219c33e5378d8300-min.en-US.js]
[assets.squarespace.com/universal/scripts-compressed/user-account-core-24ffa039deea0a56-min.en-US.js]
[assets.squarespace.com/universal/styles-compressed/user-account-core-19f1883916dfa9bf-min.en-US.css]
[assets.squarespace.com/universal/scripts-compressed/performance-073f90539aa9e3f8-min.en-US.js]
[assets.squarespace.com/universal/scripts-compressed/common-vendors-58f76066debe8c3d-min.en-US.js]
[assets.squarespace.com/universal/scripts-compressed/common-f8b36d51777cafac-min.en-US.js]
[definitions.sqspcdn.com/website-component-definition/static-assets/website.components.imageFluid/8c55e9a8-929d-410b-b18c-901d825cb633_604/website.components.imageFluid.styles.css]
[definitions.sqspcdn.com/website-component-definition/static-assets/website.components.form/9454c00c-04b9-413e-aae5-6e6d0537dca7_789/website.components.form.styles.css]
[definitions.sqspcdn.com/website-component-definition/static-assets/website.components.button/4df0bd5e-8e61-410a-a35e-685b3b5718b0_787/website.components.button.styles.css]
[definitions.sqspcdn.com/website-component-definition/static-assets/website.components.socialLinks/75a0be2c-a05c-4d90-9e93-2d3bd26ca8a1_395/website.components.socialLinks.styles.css]
[definitions.sqspcdn.com/website-component-definition/static-assets/website.components.shape/24757eae-7c59-429e-a7e1-908c4117def8_1012/website.components.shape.styles.css]
[definitions.sqspcdn.com/website-component-definition/static-assets/website.components.imageFluid/8c55e9a8-929d-410b-b18c-901d825cb633_604/image-effect-refracted-circles.js]
[definitions.sqspcdn.com/website-component-definition/static-assets/website.components.imageFluid/8c55e9a8-929d-410b-b18c-901d825cb633_604/image-effect-liquid.js]
[definitions.sqspcdn.com/website-component-definition/static-assets/website.components.imageFluid/8c55e9a8-929d-410b-b18c-901d825cb633_604/9882.js]
[definitions.sqspcdn.com/website-component-definition/static-assets/website.components.imageFluid/8c55e9a8-929d-410b-b18c-901d825cb633_604/8018.js]
[definitions.sqspcdn.com/website-component-definition/static-assets/website.components.imageFluid/8c55e9a8-929d-410b-b18c-901d825cb633_604/image-effect-film-grain.js]
[definitions.sqspcdn.com/website-component-definition/static-assets/website.components.button/4df0bd5e-8e61-410a-a35e-685b3b5718b0_787/website.components.button.visitor.js]
[definitions.sqspcdn.com/website-component-definition/static-assets/website.components.imageFluid/8c55e9a8-929d-410b-b18c-901d825cb633_604/748.js]
[definitions.sqspcdn.com/website-component-definition/static-assets/website.components.imageFluid/8c55e9a8-929d-410b-b18c-901d825cb633_604/image-effect-refracted-lines.js]
[definitions.sqspcdn.com/website-component-definition/static-assets/website.components.imageFluid/8c55e9a8-929d-410b-b18c-901d825cb633_604/website.components.imageFluid.visitor.js]
[definitions.sqspcdn.com/website-component-definition/static-assets/website.components.socialLinks/75a0be2c-a05c-4d90-9e93-2d3bd26ca8a1_395/website.components.socialLinks.visitor.js]
[definitions.sqspcdn.com/website-component-definition/static-assets/website.components.html/98e2e8f9-67d5-4d6c-a400-ee02c06b1b00_617/website.components.html.visitor.js]
[definitions.sqspcdn.com/website-component-definition/static-assets/website.components.imageFluid/8c55e9a8-929d-410b-b18c-901d825cb633_604/website.components.imageFluid.shared.constants.js]
[definitions.sqspcdn.com/website-component-definition/static-assets/website.components.imageFluid/8c55e9a8-929d-410b-b18c-901d825cb633_604/image-effect-parallax.js]
[definitions.sqspcdn.com/website-component-definition/static-assets/website.components.shape/24757eae-7c59-429e-a7e1-908c4117def8_1012/website.components.shape.visitor.js]
[definitions.sqspcdn.com/website-component-definition/static-assets/website.components.form/9454c00c-04b9-413e-aae5-6e6d0537dca7_789/website.components.form.visitor.js]
[static1.squarespace.com/static/versioned-site-css/69075d95f0151d167a437794/83/5c5a519771c10ba3470d8101/69075d95f0151d167a43779d/1787/sitece97.css]
[static1.squarespace.com/static/custom-css/69075d95f0151d167a437794/69075d95f0151d167a43779d/37/custom.css]
[static1.squarespace.com/static/vta/5c5a519771c10ba3470d8101/versioned-assets/1779824567442-9FFNMTZP6CFKOUMPK8E8/static.css]
[fluid-demo-vivian.squarespace.com/cart.html]
[fluid-demo-vivian.squarespace.com/services.html]
[fluid-demo-vivian.squarespace.com/gallery.html]
[fluid-demo-vivian.squarespace.com/about.html]
[fluid-demo-vivian.squarespace.com/social-links.html]
[fluid-demo-vivian.squarespace.com/schedule-a-call.html]
[fluid-demo-vivian.squarespace.com/blog.html]
[fluid-demo-vivian.squarespace.com/faqs.html]
[fluid-demo-vivian.squarespace.com/404.html]
[fluid-demo-vivian.squarespace.com/lead-magnets.html]
[fluid-demo-vivian.squarespace.com/lead-magnet-download.html]
[fluid-demo-vivian.squarespace.com/newsletter-landing.html]
[fluid-demo-vivian.squarespace.com/newsletter-basic.html]
[fluid-demo-vivian.squarespace.com/newsletter-thank-you.html]
[fluid-demo-vivian.squarespace.com/careers.html]
[fluid-demo-vivian.squarespace.com/contact.html]
[images.squarespace-cdn.com/content/v1/69075d95f0151d167a437794/8863eb51-0b79-4286-a275-5330a1644f7d/premium_photo-1756960337687-68ff89ee4211.jpg]
[images.squarespace-cdn.com/content/v1/69075d95f0151d167a437794/e4b2f370-e741-4955-8452-7b104620c0d9/photo-1650939985339-50f25448dff6.jpg]
[images.squarespace-cdn.com/content/v1/69075d95f0151d167a437794/2c1b65c6-3047-44e7-854a-3b44e0d36b81/karolina-grabowska-jTw7vSm8dho-unsplash.jpg]
[images.squarespace-cdn.com/content/v1/69075d95f0151d167a437794/2f04f9d8-9369-4efd-99eb-24246ac510af/kadarius-seegars-rG44NP3EPfM-unsplash+(1).jpg]
[images.squarespace-cdn.com/content/v1/69075d95f0151d167a437794/ebe2a785-b8ab-4292-82b7-8f99022c170f/getty-images-M_1yTB0ozPY-unsplash.jpg]
[images.squarespace-cdn.com/content/v1/69075d95f0151d167a437794/180be2c7-511d-428c-9df5-5442d118c788/jonathan-borba-d3DbVqs8_jg-unsplash.jpg]
[images.squarespace-cdn.com/content/v1/69075d95f0151d167a437794/c80d040e-7ebb-424c-a085-8493ffa5955d/joeyy-lee-rJDLGoNe7XI-unsplash.jpg]
[images.squarespace-cdn.com/content/v1/69075d95f0151d167a437794/3468b679-ad1d-4024-9322-ff982c9eac01/premium_photo-1661340786790-f61c3456e40b.jpg]
[images.squarespace-cdn.com/content/v1/69075d95f0151d167a437794/113612e8-c81e-406f-aa58-cb832d9b7307/fellipe-ditadi-3fevDXp9Oag-unsplash.jpg]
[images.squarespace-cdn.com/content/v1/69075d95f0151d167a437794/882aa32b-e639-4a8f-9f97-ccab20ecc4ed/photo-1638763757006-94414ab2ccf2.jpg]
[images.squarespace-cdn.com/content/v1/69075d95f0151d167a437794/43836380-189c-48b2-bb90-57b759d2a2df/photo-1649898672946-14b9cf7c0abe.jpg]
[images.squarespace-cdn.com/content/v1/69075d95f0151d167a437794/80309f5a-7467-4466-9f3a-74954b9e8b9e/photo-1649289887263-b8b75367da32.jpg]
[images.squarespace-cdn.com/content/v1/69075d95f0151d167a437794/5ea51e6b-685b-4a9b-b461-b525d274a8ca/steward-masweneng-_PEnWo8RaHk-unsplash.jpg]
[images.squarespace-cdn.com/content/v1/69075d95f0151d167a437794/fd6df663-fbaf-4bbe-b45a-8f6a06f73772/a-c-95_UgucOiOA-unsplash.jpg]
[images.squarespace-cdn.com/content/v1/69075d95f0151d167a437794/8ab4eaa9-1a5d-4ab1-9620-46b4f01cc87b/premium_photo-1669996339476-4daf743ffec1.jpg]
[images.squarespace-cdn.com/content/v1/69075d95f0151d167a437794/b348d8b4-9943-41fe-9559-49b777aa547e/premium_photo-1672192497696-b57c61545440.jpg]
[images.squarespace-cdn.com/content/v1/69075d95f0151d167a437794/805f5597-2d53-4d8d-81f6-7214a5145ec9/karolina-grabowska-yik8rFv23io-unsplash.jpg]
[images.squarespace-cdn.com/content/v1/69075d95f0151d167a437794/c9427393-638a-465e-97c6-762a1e8788c2/photo-1652768742119-3a4d0f7fb653.jpg]
[images.squarespace-cdn.com/content/v1/69075d95f0151d167a437794/9cac34ae-b791-4903-a9c8-115525160dfc/premium_photo-1675003662462-56cb6cd7a26e.jpg]
[images.squarespace-cdn.com/content/v1/69075d95f0151d167a437794/cbaf5aa1-bc34-41ab-bd34-d37342f197cf/hans--R6E0V8NJkM-unsplash.jpg]
[images.squarespace-cdn.com/content/v1/69075d95f0151d167a437794/1e8a25ae-95f8-4708-93b7-5acd7fe76350/premium_photo-1664790560123-c5f839457591.jpg]
[images.squarespace-cdn.com/content/v1/69075d95f0151d167a437794/8c074027-4a25-4920-b5a7-6798313d4050/kadarius-seegars-jqEyRtHsrmA-unsplash.jpg]
[images.squarespace-cdn.com/content/v1/69075d95f0151d167a437794/09d01ee3-168f-4b46-99d6-55f883cea64a/premium_photo-1661384146174-fe64aa10f52e.jpg]
[fluid-demo-vivian.squarespace.com/site-credit.html]
[fluid-demo-vivian.squarespace.com/terms-conditions.html]
[static1.squarespace.com/static/vta/5c5a519771c10ba3470d8101/scripts/site-bundle.f3df7c357c6e4a24955b6a57239b04c3.js]
[fluid-demo-vivian.squarespace.com/privacy-policy.html]
[code.jquery.com/jquery-3.5.1.min.js]
[fluid-demo-vivian.squarespace.com/index1736.html]
[fluid-demo-vivian.squarespace.com/index.html]
[cdn.jsdelivr.net/gh/willmyethewebsiteguy/MegaMenu@1/javascript.min.js]
[images.squarespace-cdn.com/index.html]
[use.typekit.net/index.html]
[p.typekit.net/index.html]
[fonts.gstatic.com/index.html]
[fonts.googleapis.com/css2eb58.css]
[fluid-demo-vivian.squarespace.com/cart.html]
[fluid-demo-vivian.squarespace.com/services.html]
[images.squarespace-cdn.com/content/v1/69075d95f0151d167a437794/d4a83234-7f5f-464c-aa87-4f8d475c3017/premium_photo-1661322701877-aa6d2c1bf272.jpg]
[fluid-demo-vivian.squarespace.com/gallery/clara-theo.html]
[fluid-demo-vivian.squarespace.com/gallery/isabelle-james.html]
[fluid-demo-vivian.squarespace.com/gallery/sofia-elias.html]
[fluid-demo-vivian.squarespace.com/gallery/margot-alexander.html]
[fluid-demo-vivian.squarespace.com/gallery/lucia-daniel.html]
[images.squarespace-cdn.com/content/v1/69075d95f0151d167a437794/0675a933-cac5-4775-ae64-eae2a0b14865/photo-1654580342825-06483f272b87.jpg]
[fluid-demo-vivian.squarespace.com/gallery/amara-julian.html]
[fluid-demo-vivian.squarespace.com/gallery.html]
[fluid-demo-vivian.squarespace.com/about.html]
[images.squarespace-cdn.com/content/v1/69075d95f0151d167a437794/b73185cf-7399-4585-acdf-95b3485c52f6/photo-1663016594435-3a16d12c9e9b.jpg]
[fluid-demo-vivian.squarespace.com/social-links.html]
[fluid-demo-vivian.squarespace.com/home.html]
[definitions.sqspcdn.com/website-component-definition/static-assets/website.components.acuity/87c09a65-f7e7-4733-a11c-d441859445c6_345/website.components.acuity.visitor.js]
[fluid-demo-vivian.squarespace.com/schedule-a-call.html]
[embed.acuityscheduling.com/js/embed.js]
[fluid-demo-vivian.squarespace.com/bloga409]
[fluid-demo-vivian.squarespace.com/blog/blog-post-title-one.html]
[fluid-demo-vivian.squarespace.com/blog/blog-post-title-two.html]
[images.squarespace-cdn.com/content/v1/69075d95f0151d167a437794/872539f7-e1ab-40a4-87bb-d3bcec8cdf97/premium_photo-1661322676639-6d83c934443b.jpg]
[fluid-demo-vivian.squarespace.com/blog.html]
[fluid-demo-vivian.squarespace.com/faqs.html]
[fluid-demo-vivian.squarespace.com/404.html]
[fluid-demo-vivian.squarespace.com/lead-magnets.html]
[fluid-demo-vivian.squarespace.com/blog/blog-post-title-three.html]
[fluid-demo-vivian.squarespace.com/lead-magnet-download.html]
[fluid-demo-vivian.squarespace.com/newsletter-landing.html]
[fluid-demo-vivian.squarespace.com/newsletter-basic.html]
[fluid-demo-vivian.squarespace.com/newsletter-thank-you.html]
[fluid-demo-vivian.squarespace.com/careers.html]
[fluid-demo-vivian.squarespace.com/contact.html]
[fluid-demo-vivian.squarespace.com/site-credit.html]
[fluid-demo-vivian.squarespace.com/terms-conditions.html]
[fluid-demo-vivian.squarespace.com/privacy-policy.html]
[images.squarespace-cdn.com/content/v1/69075d95f0151d167a437794/0e6df220-1d52-454f-a5c8-c094f676f55c/premium_photo-1664298349164-f15d90bd0be7.jpg]
[images.squarespace-cdn.com/content/69075d95f0151d167a437794/fd6df663-fbaf-4bbe-b45a-8f6a06f73772/a-c-95_UgucOiOA-unsplash43a3.jpg]
[images.squarespace-cdn.com/content/v1/69075d95f0151d167a437794/b56b343d-4ae5-43b6-9219-24480bcf4e67/premium_photo-1756960337687-68ff89ee4211.jpg]
[images.squarespace-cdn.com/content/v1/69075d95f0151d167a437794/efadfebb-0f33-4a52-a40d-ba3f1b692e34/photo-1631605855818-71135f303bbe.jpg]
[images.squarespace-cdn.com/content/v1/69075d95f0151d167a437794/84ae7b2e-297a-4606-8d95-29b80d0b3a02/photo-1752002157113-9361fdb2c6e9.jpg]
[images.squarespace-cdn.com/content/v1/69075d95f0151d167a437794/8c686b5c-8ce3-4e77-9dda-acc38a968c3e/kristy-cruz-q_Nn5J9gwzU-unsplash.jpg]
[fluid-demo-vivian.squarespace.com/gallery/clara-theo.html]
[images.squarespace-cdn.com/content/69075d95f0151d167a437794/5ea51e6b-685b-4a9b-b461-b525d274a8ca/steward-masweneng-_PEnWo8RaHk-unsplash43a3.jpg]
[fluid-demo-vivian.squarespace.com/gallery/isabelle-james.html]
[images.squarespace-cdn.com/content/69075d95f0151d167a437794/d4a83234-7f5f-464c-aa87-4f8d475c3017/premium_photo-1661322701877-aa6d2c1bf27243a3.jpg]
[fluid-demo-vivian.squarespace.com/gallery/sofia-elias.html]
[images.squarespace-cdn.com/content/69075d95f0151d167a437794/c80d040e-7ebb-424c-a085-8493ffa5955d/joeyy-lee-rJDLGoNe7XI-unsplash43a3.jpg]
[fluid-demo-vivian.squarespace.com/gallery/margot-alexander.html]
[images.squarespace-cdn.com/content/69075d95f0151d167a437794/0675a933-cac5-4775-ae64-eae2a0b14865/photo-1654580342825-06483f272b8743a3.jpg]
[fluid-demo-vivian.squarespace.com/gallery/lucia-daniel.html]
[fluid-demo-vivian.squarespace.com/gallery/amara-julian.html]
[fluid-demo-vivian.squarespace.com/home.html]
[images.squarespace-cdn.com/content/69075d95f0151d167a437794/b73185cf-7399-4585-acdf-95b3485c52f6/photo-1663016594435-3a16d12c9e9b43a3.jpg]
[fluid-demo-vivian.squarespace.com/blog/blog-post-title-one.html]
[fluid-demo-vivian.squarespace.com/blogdab6.html]
[fluid-demo-vivian.squarespace.com/blog/blog-post-title-two.html]
[images.squarespace-cdn.com/content/69075d95f0151d167a437794/872539f7-e1ab-40a4-87bb-d3bcec8cdf97/premium_photo-1661322676639-6d83c934443b43a3.jpg]
[images.squarespace-cdn.com/content/69075d95f0151d167a437794/805f5597-2d53-4d8d-81f6-7214a5145ec9/karolina-grabowska-yik8rFv23io-unsplash43a3.jpg]
[fluid-demo-vivian.squarespace.com/blog/blog-post-title-three.html]
[fluid-demo-vivian.squarespace.com/blogdab6.html]
[use.typekit.net/ik/CAlFuuVRMHg3aUt_fRX0EeJo6XlitQvkenDUl5VyuVCfeTIgfFHN4UJLFRbh52jhWDjow2SuZ2quZRMUFQBqwQjajQbDFDSoFgGMJyBTi183ScmDievlZe8DSeUypPJedAmqiWFyH6GJh0JfIMMjMPMfH6GJhrJfIMMjfkMfH6GJt0Jf]
[definitions.sqspcdn.com/website-component-definition/static-assets/website.components.imageFluid/8c55e9a8-929d-410b-b18c-901d825cb633_604/image-effect-refracted-circles.js]
[definitions.sqspcdn.com/website-component-definition/static-assets/website.components.imageFluid/8c55e9a8-929d-410b-b18c-901d825cb633_604/image-effect-liquid.js]
[definitions.sqspcdn.com/website-component-definition/static-assets/website.components.imageFluid/8c55e9a8-929d-410b-b18c-901d825cb633_604/9882.js]
[definitions.sqspcdn.com/website-component-definition/static-assets/website.components.imageFluid/8c55e9a8-929d-410b-b18c-901d825cb633_604/8018.js]
[definitions.sqspcdn.com/website-component-definition/static-assets/website.components.imageFluid/8c55e9a8-929d-410b-b18c-901d825cb633_604/image-effect-film-grain.js]
[definitions.sqspcdn.com/website-component-definition/static-assets/website.components.button/4df0bd5e-8e61-410a-a35e-685b3b5718b0_787/website.components.button.visitor.js]
[definitions.sqspcdn.com/website-component-definition/static-assets/website.components.imageFluid/8c55e9a8-929d-410b-b18c-901d825cb633_604/image-effect-refracted-lines.js]
[definitions.sqspcdn.com/website-component-definition/static-assets/website.components.imageFluid/8c55e9a8-929d-410b-b18c-901d825cb633_604/website.components.imageFluid.visitor.js]
[definitions.sqspcdn.com/website-component-definition/static-assets/website.components.imageFluid/8c55e9a8-929d-410b-b18c-901d825cb633_604/748.js]
[definitions.sqspcdn.com/website-component-definition/static-assets/website.components.socialLinks/75a0be2c-a05c-4d90-9e93-2d3bd26ca8a1_395/website.components.socialLinks.visitor.js]
[definitions.sqspcdn.com/website-component-definition/static-assets/website.components.imageFluid/8c55e9a8-929d-410b-b18c-901d825cb633_604/image-effect-parallax.js]
[definitions.sqspcdn.com/website-component-definition/static-assets/website.components.html/98e2e8f9-67d5-4d6c-a400-ee02c06b1b00_617/website.components.html.visitor.js]
[definitions.sqspcdn.com/website-component-definition/static-assets/website.components.shape/24757eae-7c59-429e-a7e1-908c4117def8_1012/website.components.shape.visitor.js]
[definitions.sqspcdn.com/website-component-definition/static-assets/website.components.form/9454c00c-04b9-413e-aae5-6e6d0537dca7_789/website.components.form.visitor.js]
[fluid-demo-vivian.squarespace.com/index.html]
[assets.squarespace.com/universal/styles-compressed/user-account-core-19f1883916dfa9bf-min.en-US.css]
[definitions.sqspcdn.com/website-component-definition/static-assets/website.components.html/98e2e8f9-67d5-4d6c-a400-ee02c06b1b00_617/website.components.html.styles.css]
[definitions.sqspcdn.com/website-component-definition/static-assets/website.components.acuity/87c09a65-f7e7-4733-a11c-d441859445c6_345/website.components.acuity.visitor.js]
[definitions.sqspcdn.com/website-component-definition/static-assets/website.components.imageFluid/8c55e9a8-929d-410b-b18c-901d825cb633_604/website.components.imageFluid.styles.css]
[assets.squarespace.com/universal/images-v6/standard/icon_close_7_light.png]
[definitions.sqspcdn.com/website-component-definition/static-assets/website.components.form/9454c00c-04b9-413e-aae5-6e6d0537dca7_789/website.components.form.styles.css]
[definitions.sqspcdn.com/website-component-definition/static-assets/website.components.button/4df0bd5e-8e61-410a-a35e-685b3b5718b0_787/website.components.button.styles.css]
[definitions.sqspcdn.com/website-component-definition/static-assets/website.components.socialLinks/75a0be2c-a05c-4d90-9e93-2d3bd26ca8a1_395/website.components.socialLinks.styles.css]
[definitions.sqspcdn.com/website-component-definition/static-assets/website.components.shape/24757eae-7c59-429e-a7e1-908c4117def8_1012/website.components.shape.styles.css]
[assets.squarespace.com/universal/images-v6/damask/error-dark.png]
[assets.squarespace.com/universal/images-v6/damask/error-dark@2x.png]
[images.squarespace-cdn.com/content/69075d95f0151d167a437794/b73185cf-7399-4585-acdf-95b3485c52f6/photo-1663016594435-3a16d12c9e9b43a3.jpg]
[assets.squarespace.com/universal/images-v6/damask/play-button.png]
[assets.squarespace.com/universal/images-v6/damask/play-button@2x.png]
[assets.squarespace.com/universal/images-v6/damask/edit-aviary-light.png]
[assets.squarespace.com/universal/images-v6/damask/edit-aviary-light@2x.png]
[assets.squarespace.com/universal/images-v6/damask/edit-info-light.png]
[assets.squarespace.com/universal/images-v6/damask/edit-info-light@2x.png]
[assets.squarespace.com/universal/images-v6/damask/trash-9-light.png]
[assets.squarespace.com/universal/images-v6/damask/trash-9-light@2x.png]
[assets.squarespace.com/universal/images-v6/damask/trash-9-red.png]
[assets.squarespace.com/universal/images-v6/damask/trash-9-red@2x.png]
[assets.squarespace.com/universal/images-v6/damask/getty-16-light.png]
[assets.squarespace.com/universal/images-v6/damask/getty-32-light.png]
[assets.squarespace.com/universal/images-v6/damask/shopping-cart-16-light.png]
[assets.squarespace.com/universal/images-v6/damask/shopping-cart-32-light.png]
[assets.squarespace.com/universal/images-v6/icons/block-indicator-dark.png]
[assets.squarespace.com/universal/images-v6/icons/block-indicator-dark@2x.png]
[assets.squarespace.com/universal/fonts/squarespace-ui-font.svg]
[assets.squarespace.com/universal/images-v6/icons/opentable-icons.svg]
[assets.squarespace.com/universal/images-v6/icons/opentable-icons.png]
[assets.squarespace.com/universal/images-v6/icons/icon-searchqueries-20-dark.png]
[assets.squarespace.com/universal/images-v6/icons/icon-searchqueries-20-light.png]
[assets.squarespace.com/universal/images-v6/icons/icon-video-24-light-solid.png]
[assets.squarespace.com/universal/images-v6/icons/icon-settings-16-light.png]
[assets.squarespace.com/universal/fonts/social-20141119/social-icon-font.svg]
[static1.squarespace.com/static/versioned-site-css/69075d95f0151d167a437794/83/5c5a519771c10ba3470d8101/69075d95f0151d167a43779d/1787/sitece97.css]
[static1.squarespace.com/static/vta/5c5a519771c10ba3470d8101/versioned-assets/1779824567442-9FFNMTZP6CFKOUMPK8E8/static.css]
[static1.squarespace.com/static/custom-css/69075d95f0151d167a437794/69075d95f0151d167a43779d/37/custom.css]
[fluid-demo-vivian.squarespace.com/universal/svg/social-accounts.svg]
[fluid-demo-vivian.squarespace.com/gallery/clara-theo.html]
[fluid-demo-vivian.squarespace.com/gallery/amara-julian.html]
[fluid-demo-vivian.squarespace.com/home.html]
[definitions.sqspcdn.com/website-component-definition/static-assets/website.components.acuity/87c09a65-f7e7-4733-a11c-d441859445c6_345/website.components.acuity.styles.css]
[fluid-demo-vivian.squarespace.com/blog/blog-post-title-one.html]
[fluid-demo-vivian.squarespace.com/blog/blog-post-title-three.html]
[fluid-demo-vivian.squarespace.com/blogdab6.html]
[assets.squarespace.com/universal/fonts/squarespace-ui-font.svg]
[assets.squarespace.com/universal/images-v6/icons/opentable-icons.svg]
[assets.squarespace.com/universal/fonts/social-20141119/social-icon-font.svg]
